// Jest Snapshot v1, https://goo.gl/fbAQLP

exports[`<Task /> renders correctly 1`] = `
<View
  style={
    Object {
      "alignItems": "center",
      "backgroundColor": "#ffffff",
      "flexDirection": "row",
      "height": 50,
      "marginBottom": 15,
      "paddingHorizontal": 15,
    }
  }
>
  <View
    accessible={true}
    focusable={false}
    onClick={[Function]}
    onResponderGrant={[Function]}
    onResponderMove={[Function]}
    onResponderRelease={[Function]}
    onResponderTerminate={[Function]}
    onResponderTerminationRequest={[Function]}
    onStartShouldSetResponder={[Function]}
    style={
      Object {
        "opacity": 1,
      }
    }
  >
    <Text />
  </View>
  <Text
    style={
      Object {
        "color": "#717171",
        "flex": 1,
        "fontSize": 13,
        "paddingHorizontal": 4,
      }
    }
  >
    Task 1
  </Text>
  <Text
    style={
      Object {
        "color": "#717171",
        "flex": 1,
        "fontSize": 13,
        "paddingHorizontal": 4,
      }
    }
  >
    9:00AM 12-1-2019
  </Text>
  <Text />
</View>
`;
