// Jest Snapshot v1, https://goo.gl/fbAQLP

exports[`<HeaderTitle /> renders correctly 1`] = `
<View
  style={
    Object {
      "alignItems": "center",
      "flex": 1,
      "justifyContent": "center",
    }
  }
>
  <Text
    style={
      Object {
        "color": "#d3d7de",
        "fontSize": 25,
        "lineHeight": 50,
      }
    }
  />
</View>
`;
